           *******************************************************
                            Listing of SPARK Text
                              Examiner GPL 2012
             Copyright (C) 2012 Altran Praxis Limited, Bath, U.K.
           *******************************************************


                        DATE : 20-OCT-2016 02:21:16.16

Line
   1  with Sensors, Alarm, Brakes, Speedo, Console;
           ^1       ^2     ^3      ^4      ^5
--- (  1)  Warning           :  1: The identifier Sensors is either undeclared or 
           not visible at this point.
--- (  2)  Warning           :  1: The identifier Alarm is either undeclared or not 
           visible at this point.
--- (  3)  Warning           :  1: The identifier Brakes is either undeclared or 
           not visible at this point.
--- (  4)  Warning           :  1: The identifier Speedo is either undeclared or 
           not visible at this point.
--- (  5)  Warning           :  1: The identifier Console is either undeclared or 
           not visible at this point.

   2  package body ATP
   3  is
   4  	--used within atp package only
   5  	Train_Speed_Temp_Memory: Speedo.Speed_Type;
      	                         ^6
*** (  6)  Semantic Error    :754: The identifier Speedo is either undeclared or 
           not visible at this point. This package must be both inherited and 
           withed to be visible here.

   6  
   7  	procedure Control
   8  	is
   9  		Sensors_Value: Sensors.Sensor_Type;
      		               ^7
*** (  7)  Semantic Error    :754: The identifier Sensors is either undeclared or 
           not visible at this point. This package must be both inherited and 
           withed to be visible here.

  10  	begin
  11  		if not Brakes.Activated then
      		   ^8  ^9
*** (  8)  Semantic Error    : 94: Condition is not boolean.
*** (  9)  Semantic Error    :  1: The identifier Brakes is either undeclared or 
           not visible at this point.

  12  			Sensors_Value := Sensors.Read_Sensor_Majority;
      			                 ^10
*** ( 10)  Semantic Error    :  1: The identifier Sensors is either undeclared or 
           not visible at this point.

  13  			case Sensors_Value is
      			     ^11
*** ( 11)  Semantic Error    : 46: Discrete type required.

  14  				when Sensors.Proceed =>
      				     ^12,13
*** ( 12)  Semantic Error    :  1: The identifier Sensors is either undeclared or 
           not visible at this point.
--- ( 13)  Warning           :200: This static expression cannot be evaluated by 
           the Examiner.

  15  					if Alarm.Enabled then
      					   ^14,15
*** ( 14)  Semantic Error    :  1: The identifier Alarm is either undeclared or not 
           visible at this point.
*** ( 15)  Semantic Error    : 94: Condition is not boolean.

  16  						Alarm.Disable;
      						^16
*** ( 16)  Semantic Error    :142: The subprogram prefix Alarm is either undeclared 
           or not visible at this point.

  17  					end if;
  18  				when Sensors.Caution =>
      				     ^17,18
*** ( 17)  Semantic Error    :  1: The identifier Sensors is either undeclared or 
           not visible at this point.
--- ( 18)  Warning           :200: This static expression cannot be evaluated by 
           the Examiner.

  19  					if Alarm.Enabled then
      					   ^19,20
*** ( 19)  Semantic Error    :  1: The identifier Alarm is either undeclared or not 
           visible at this point.
*** ( 20)  Semantic Error    : 94: Condition is not boolean.

  20  						if Speedo.Read_Speed >= Train_Speed_Temp_Memory then
      						   ^21
*** ( 21)  Semantic Error    :  1: The identifier Speedo is either undeclared or 
           not visible at this point.

  21  							Brakes.Activate;
      							^22
*** ( 22)  Semantic Error    :142: The subprogram prefix Brakes is either 
           undeclared or not visible at this point.

  22  						end if;
  23  					end if;
  24  					Alarm.Enable;
      					^23
*** ( 23)  Semantic Error    :142: The subprogram prefix Alarm is either undeclared 
           or not visible at this point.

  25  				when Sensors.Danger =>
      				     ^24,25
*** ( 24)  Semantic Error    :  1: The identifier Sensors is either undeclared or 
           not visible at this point.
--- ( 25)  Warning           :200: This static expression cannot be evaluated by 
           the Examiner.

  26  					Brakes.Activate;
      					^26
*** ( 26)  Semantic Error    :142: The subprogram prefix Brakes is either 
           undeclared or not visible at this point.

  27  					Alarm.Enable;
      					^27
*** ( 27)  Semantic Error    :142: The subprogram prefix Alarm is either undeclared 
           or not visible at this point.

  28  					Console.Inc_SPAD_Cnt;
      					^28
*** ( 28)  Semantic Error    :142: The subprogram prefix Console is either 
           undeclared or not visible at this point.

  29  				when others =>
  30  					Alarm.Enable;
      					^29
*** ( 29)  Semantic Error    :142: The subprogram prefix Alarm is either undeclared 
           or not visible at this point.

  31  			end case;
  32  		else 
  33  			Alarm.Disable;
      			^30
*** ( 30)  Semantic Error    :142: The subprogram prefix Alarm is either undeclared 
           or not visible at this point.

  34  			Brakes.Deactivate;
      			^31
*** ( 31)  Semantic Error    :142: The subprogram prefix Brakes is either 
           undeclared or not visible at this point.

  35  		end if;
  36  
  37  		Train_Speed_Temp_Memory := Speedo.Read_Speed;
      		                           ^32
*** ( 32)  Semantic Error    :  1: The identifier Speedo is either undeclared or 
           not visible at this point.

  38  	end Control;
  39  
  40  begin
  41  	Train_Speed_Temp_Memory := 0;
  42  end ATP;

+++        Flow analysis of package initialization 
           performed: no errors found.


Note: Flow analysis mode is automatic


--End of file--------------------------------------------------
